Initialized native services in: C:\Users\02310\.gradle\native
Initialized jansi services in: C:\Users\02310\.gradle\native
Received JVM installation metadata from 'C:\Program Files\Eclipse Adoptium\jdk-11.0.27.6-hotspot': {JAVA_HOME=C:\Program Files\Eclipse Adoptium\jdk-11.0.27.6-hotspot, JAVA_VERSION=11.0.27, JAVA_VENDOR=Eclipse Adoptium, RUNTIME_NAME=OpenJDK Runtime Environment, RUNTIME_VERSION=11.0.27+6, VM_NAME=OpenJDK 64-Bit Server VM, VM_VERSION=11.0.27+6, VM_VENDOR=Eclipse Adoptium, OS_ARCH=amd64}
Found daemon DaemonInfo{pid=25836, address=[50eed0e9-7dde-424c-902c-7999c4d93a7c port:64233, addresses:[/127.0.0.1]], state=Idle, lastBusy=1765285564913, context=DefaultDaemonContext[uid=201d62e3-c820-4dce-9f49-572fb304f0c3,javaHome=C:\Users\02310\.jdks\ms-11.0.28,javaVersion=11,daemonRegistryDir=C:\Users\02310\.gradle\daemon,pid=25836,idleTimeout=10800000,priority=NORMAL,applyInstrumentationAgent=true,nativeServicesMode=ENABLED,daemonOpts=--add-opens=java.base/java.util=ALL-UNNAMED,--add-opens=java.base/java.lang=ALL-UNNAMED,--add-opens=java.base/java.lang.invoke=ALL-UNNAMED,--add-opens=java.prefs/java.util.prefs=ALL-UNNAMED,--add-opens=java.base/java.nio.charset=ALL-UNNAMED,--add-opens=java.base/java.net=ALL-UNNAMED,--add-opens=java.base/java.util.concurrent.atomic=ALL-UNNAMED,-XX:MaxMetaspaceSize=384m,-XX:+HeapDumpOnOutOfMemoryError,-Xms256m,-Xmx512m,-Dfile.encoding=UTF-8,-Duser.country=RU,-Duser.language=ru,-Duser.variant]} however its context does not match the desired criteria.
JVM is incompatible.
Wanted: DaemonRequestContext{requestedJvm=11.0.27 (Eclipse Adoptium 11.0.27+6), jvmCriteria=null, daemonOpts=[--add-opens=java.base/java.util=ALL-UNNAMED, --add-opens=java.base/java.lang=ALL-UNNAMED, --add-opens=java.base/java.lang.invoke=ALL-UNNAMED, --add-opens=java.prefs/java.util.prefs=ALL-UNNAMED, --add-opens=java.base/java.nio.charset=ALL-UNNAMED, --add-opens=java.base/java.net=ALL-UNNAMED, --add-opens=java.base/java.util.concurrent.atomic=ALL-UNNAMED, -XX:MaxMetaspaceSize=384m, -XX:+HeapDumpOnOutOfMemoryError, -Xms256m, -Xmx512m, -Dfile.encoding=windows-1251, -Duser.country=RU, -Duser.language=ru, -Duser.variant], applyInstrumentationAgent=true, nativeServicesMode=ENABLED, priority=NORMAL}
Actual: DefaultDaemonContext[uid=201d62e3-c820-4dce-9f49-572fb304f0c3,javaHome=C:\Users\02310\.jdks\ms-11.0.28,javaVersion=11,daemonRegistryDir=C:\Users\02310\.gradle\daemon,pid=25836,idleTimeout=10800000,priority=NORMAL,applyInstrumentationAgent=true,nativeServicesMode=ENABLED,daemonOpts=--add-opens=java.base/java.util=ALL-UNNAMED,--add-opens=java.base/java.lang=ALL-UNNAMED,--add-opens=java.base/java.lang.invoke=ALL-UNNAMED,--add-opens=java.prefs/java.util.prefs=ALL-UNNAMED,--add-opens=java.base/java.nio.charset=ALL-UNNAMED,--add-opens=java.base/java.net=ALL-UNNAMED,--add-opens=java.base/java.util.concurrent.atomic=ALL-UNNAMED,-XX:MaxMetaspaceSize=384m,-XX:+HeapDumpOnOutOfMemoryError,-Xms256m,-Xmx512m,-Dfile.encoding=UTF-8,-Duser.country=RU,-Duser.language=ru,-Duser.variant]

  Looking for a different daemon...
The client will now receive all logging from the daemon (pid: 26592). The daemon log file: C:\Users\02310\.gradle\daemon\8.8\daemon-26592.out.log
Starting 7th build in daemon [uptime: 18 mins 20.129 secs, performance: 100%, GC rate: 0.00/s, heap usage: 0% of 512 MiB, non-heap usage: 19% of 384 MiB]
Using 16 worker leases.
Now considering [C:\Users\02310\IdeaProjects\Patterns1] as hierarchies to watch
Watching the file system is configured to be enabled if available
File system watching is active
Starting Build
Settings evaluated using settings file 'C:\Users\02310\IdeaProjects\Patterns1\settings.gradle'.
Projects loaded. Root project using build file 'C:\Users\02310\IdeaProjects\Patterns1\build.gradle'.
Included projects: [root project 'Patterns1']

> Configure project :
Evaluating root project 'Patterns1' using build file 'C:\Users\02310\IdeaProjects\Patterns1\build.gradle'.
All projects evaluated.
Task name matched 'cleanTest'
Task name matched 'test'
Selected primary task 'cleanTest' from project :
Selected primary task 'test' from project :
Tasks to be executed: [task ':cleanTest', task ':compileJava', task ':processResources', task ':classes', task ':compileTestJava', task ':processTestResources', task ':testClasses', task ':test']
Tasks that were excluded: []
Resolve mutations for :cleanTest (Thread[Execution worker,5,main]) started.
:cleanTest (Thread[Execution worker,5,main]) started.
destroyer locations for task group 0 (Thread[included builds,5,main]) started.

> Task :cleanTest
Caching disabled for task ':cleanTest' because:
  Build cache is disabled
Task ':cleanTest' is not up-to-date because:
  Task has not declared any outputs despite executing actions.
Resolve mutations for :compileJava (Thread[included builds,5,main]) started.
:compileJava (Thread[included builds,5,main]) started.

> Task :compileJava NO-SOURCE
Skipping task ':compileJava' as it has no source files and no previous output files.
Resolve mutations for :processResources (Thread[included builds,5,main]) started.
:processResources (Thread[included builds,5,main]) started.

> Task :processResources NO-SOURCE
Skipping task ':processResources' as it has no source files and no previous output files.
Resolve mutations for :classes (Thread[included builds,5,main]) started.
:classes (Thread[included builds,5,main]) started.

> Task :classes UP-TO-DATE
Skipping task ':classes' as it has no actions.
Resolve mutations for :compileTestJava (Thread[included builds,5,main]) started.
:compileTestJava (Thread[included builds,5,main]) started.

> Task :compileTestJava
Invalidating in-memory cache of C:\Users\02310\.gradle\caches\journal-1\file-access.bin
Caching disabled for task ':compileTestJava' because:
  Build cache is disabled
Task ':compileTestJava' is not up-to-date because:
  Executed with '--rerun-tasks'.
The input changes require a full rebuild for incremental task ':compileTestJava'.
Full recompilation is required because no incremental change information is available. This is usually caused by clean builds or changing compiler arguments.
Compiling with toolchain 'C:\Program Files\Eclipse Adoptium\jdk-11.0.27.6-hotspot'.
Compiling with JDK Java compiler API.
Class dependency analysis for incremental compilation took 0.002 secs.
Created classpath snapshot for incremental compilation in 0.011 secs.
Resolve mutations for :processTestResources (Thread[included builds,5,main]) started.
:processTestResources (Thread[Execution worker Thread 4,5,main]) started.

> Task :processTestResources NO-SOURCE
Skipping task ':processTestResources' as it has no source files and no previous output files.
Resolve mutations for :testClasses (Thread[Execution worker Thread 4,5,main]) started.
:testClasses (Thread[Execution worker Thread 4,5,main]) started.

> Task :testClasses
Skipping task ':testClasses' as it has no actions.
Resolve mutations for :test (Thread[Execution worker Thread 4,5,main]) started.
:test (Thread[Execution worker Thread 4,5,main]) started.
Gradle Test Executor 4 started executing tests.

> Task :test
Caching disabled for task ':test' because:
  Build cache is disabled
Task ':test' is not up-to-date because:
  Executed with '--rerun-tasks'.
Starting process 'Gradle Test Executor 4'. Working directory: C:\Users\02310\IdeaProjects\Patterns1 Command: C:\Program Files\Eclipse Adoptium\jdk-11.0.27.6-hotspot\bin\java.exe -Dorg.gradle.internal.worker.tmpdir=C:\Users\02310\IdeaProjects\Patterns1\build\tmp\test\work -Dselenide.headless @C:\Users\02310\.gradle\.tmp\gradle-worker-classpath306779409776484823txt -Xmx512m -Dfile.encoding=windows-1251 -Duser.country=RU -Duser.language=ru -Duser.variant -ea worker.org.gradle.process.internal.worker.GradleWorkerMain 'Gradle Test Executor 4'
Successfully started process 'Gradle Test Executor 4'

DeliveryTest > shouldTestDeliveryCard() STANDARD_ERROR
    SLF4J: No SLF4J providers were found.
    SLF4J: Defaulting to no-operation (NOP) logger implementation
    SLF4J: See https://www.slf4j.org/codes.html#noProviders for further details.
    фхъ. 09, 2025 4:06:16 PM org.openqa.selenium.devtools.CdpVersionFinder findNearestMatch
    WARNING: Unable to find CDP implementation matching 142
    фхъ. 09, 2025 4:06:16 PM org.openqa.selenium.chromium.ChromiumDriver lambda$new$5
    WARNING: Unable to find version of CDP to use for 142.0.7444.176. You may need to include a dependency on a specific version of the CDP using something similar to `org.seleniumhq.selenium:selenium-devtools-v86:4.11.0` where the version ("v86") matches the version of the chromium-based browser you're using and the version number of the artifact is the same as Selenium's.

Gradle Test Executor 4 finished executing tests.

> Task :test
Finished generating test XML results (0.003 secs) into: C:\Users\02310\IdeaProjects\Patterns1\build\test-results\test
Generating HTML test report...
Finished generating test html results (0.014 secs) into: C:\Users\02310\IdeaProjects\Patterns1\build\reports\tests\test

Deprecated Gradle features were used in this build, making it incompatible with Gradle 9.0.

You can use '--warning-mode all' to show the individual deprecation warnings and determine if they come from your own scripts or plugins.

For more on this, please refer to https://docs.gradle.org/8.8/userguide/command_line_interface.html#sec:command_line_warnings in the Gradle documentation.

BUILD SUCCESSFUL in 9s
3 actionable tasks: 3 executed
Watched directory hierarchies: [C:\Users\02310\IdeaProjects\Patterns1]
